#
# There is insufficient memory for the Java Runtime Environment to continue.
# Native memory allocation (mmap) failed to map 536870912 bytes. Error detail: G1 virtual space
# Possible reasons:
#   The system is out of physical RAM or swap space
#   This process is running with CompressedOops enabled, and the Java Heap may be blocking the growth of the native heap
# Possible solutions:
#   Reduce memory load on the system
#   Increase physical memory or swap space
#   Check if swap backing store is full
#   Decrease Java heap size (-Xmx/-Xms)
#   Decrease number of Java threads
#   Decrease Java thread stack sizes (-Xss)
#   Set larger code cache with -XX:ReservedCodeCacheSize=
#   JVM is running with Zero Based Compressed Oops mode in which the Java heap is
#     placed in the first 32GB address space. The Java Heap base address is the
#     maximum limit for the native heap growth. Please use -XX:HeapBaseMinAddress
#     to set the Java Heap base and to place the Java Heap above 32GB virtual address.
# This output file may be truncated or incomplete.
#
#  Out of Memory Error (os_windows.cpp:3766), pid=39232, tid=24900
#
# JRE version:  (25.0.3+1) (build )
# Java VM: OpenJDK 64-Bit Server VM (25.0.3+1-b329.124, mixed mode, sharing, tiered, compressed oops, compressed class ptrs, g1 gc, windows-amd64)
# No core dump will be written. Minidumps are not enabled by default on client versions of Windows
#

---------------  S U M M A R Y ------------

Command Line: git4idea.http.GitAskPassApp Username for 'https://github.com': 

Host: 13th Gen Intel(R) Core(TM) i5-13400F, 16 cores, 31G,  Windows 11 , 64 bit Build 26100 (10.0.26100.8521)
Time: Tue Jul  7 22:15:38 2026 Russia TZ 2 Standard Time elapsed time: 1.807535 seconds (0d 0h 0m 1s)

---------------  T H R E A D  ---------------

Current thread (0x000002e85cb21a80):  JavaThread "Unknown thread" [_thread_in_vm, id=24900, stack(0x000000fd99a00000,0x000000fd99b00000) (1024K)]

Stack: [0x000000fd99a00000,0x000000fd99b00000]
Native frames: (J=compiled Java code, j=interpreted, Vv=VM code, C=native code)
V  [jvm.dll+0x7c2709]  (no source info available)
V  [jvm.dll+0x78bdfd]  (no source info available)
V  [jvm.dll+0xa10353]  (no source info available)
V  [jvm.dll+0xa12b4c]  (no source info available)
V  [jvm.dll+0xa13243]  (no source info available)
V  [jvm.dll+0x308006]  (no source info available)
V  [jvm.dll+0x7be915]  (no source info available)
V  [jvm.dll+0x7b18c7]  (no source info available)
V  [jvm.dll+0x40211e]  (no source info available)
V  [jvm.dll+0x409f3b]  (no source info available)
V  [jvm.dll+0x3f6779]  (no source info available)
V  [jvm.dll+0x3f6a2b]  (no source info available)
V  [jvm.dll+0x3cca63]  (no source info available)
V  [jvm.dll+0x3cd6ce]  (no source info available)
V  [jvm.dll+0x9d66c7]  (no source info available)
V  [jvm.dll+0x467862]  (no source info available)
V  [jvm.dll+0x9b9df9]  (no source info available)
V  [jvm.dll+0x509c91]  (no source info available)
V  [jvm.dll+0x50b601]  (no source info available)
C  [jli.dll+0x5422]  (no source info available)
C  [ucrtbase.dll+0x2cd30]  (no source info available)
C  [KERNEL32.DLL+0x2e957]  (no source info available)
C  [ntdll.dll+0x87c1c]  (no source info available)

Lock stack of current Java thread (top to bottom):


---------------  P R O C E S S  ---------------

Threads class SMR info:
_java_thread_list=0x00007fff5e38c108, length=0, elements={
}

Java Threads: ( => current thread )
Total: 0

Other Threads:
  0x000002e85f0eab10 WorkerThread "GC Thread#0"                     [id=22684, stack(0x000000fd99b00000,0x000000fd99c00000) (1024K)]
  0x000002e87cc707f0 ConcurrentGCThread "G1 Main Marker"            [id=4116, stack(0x000000fd99c00000,0x000000fd99d00000) (1024K)]
  0x000002e85f107af0 WorkerThread "G1 Conc#0"                       [id=34692, stack(0x000000fd99d00000,0x000000fd99e00000) (1024K)]

[error occurred during error reporting (printing all threads), id 0xc0000005, EXCEPTION_ACCESS_VIOLATION (0xc0000005) at pc=0x00007fff5d9a183a]
VM state: not at safepoint (not fully initialized)

VM Mutex/Monitor currently owned by a thread:  ([mutex/lock_event])
[0x00007fff5e415000] Heap_lock - owner thread: 0x000002e85cb21a80

Heap address: 0x0000000602800000, size: 8152 MB, Compressed Oops mode: Zero based, Oop shift amount: 3

CDS archive(s) mapped at: [0x0000000000000000-0x0000000000000000-0x0000000000000000), size 0, SharedBaseAddress: 0x0000000800000000, ArchiveRelocationMode: 1.
UseCompressedClassPointers 1, UseCompactObjectHeaders 0
Narrow klass pointer bits 32, Max shift 3
Narrow klass base: 0xffffffffffffffff, Narrow klass shift: -1
Encoding Range: [0xffffffffffffffff - 0x000000007fffffff), (2147483648 bytes)
Klass Range:    [0x0000000000000000 - 0x0000000000000000), (0 bytes)
Klass ID Range:  [4294967295 - 0) (1)
No protection zone.

GC Precious Log:
 CardTable entry size: 512
 Card Set container configuration: InlinePtr #cards 4 size 8 Array Of Cards #cards 32 size 80 Howl #buckets 8 coarsen threshold 7372 Howl Bitmap #cards 1024 size 144 coarsen threshold 921 Card regions per heap region 1 cards per card region 8192

Heap:
 garbage-first heap   total reserved 8347648K, committed 0K, used 0K [0x0000000602800000, 0x0000000800000000)
  region size 4096K, 0 young (0K), 0 survivors (0K)

Heap Regions: E=young(eden), S=young(survivor), O=old, HS=humongous(starts), HC=humongous(continues), CS=collection set, F=free, TAMS=top-at-mark-start, PB=parsable bottom

Card table byte_map: [0x000002e873ce0000,0x000002e874cd0000] _byte_map_base: 0x000002e870ccc000

Marking Bits: (CMBitMap*) 0x000002e87cc6fef0
 Bits: [0x000002e874cd0000, 0x000002e87cc30000)

GC Heap Usage History (0 events):
No events

Metaspace Usage History (0 events):
No events

Dll operation events (1 events):
Event: 0.009 Loaded shared library C:\Program Files\JetBrains\PyCharm 2026.1.4\jbr\bin\java.dll

Deoptimization events (0 events):
No events

Classes loaded (0 events):
No events

Classes unloaded (0 events):
No events

Classes redefined (0 events):
No events

Internal exceptions (0 events):
No events

VM Operations (0 events):
No events

Memory protections (0 events):
No events

Nmethod flushes (0 events):
No events

Events (0 events):
No events


Dynamic libraries:
0x00007ff6aa7b0000 - 0x00007ff6aa7ba000 	C:\Program Files\JetBrains\PyCharm 2026.1.4\jbr\bin\java.exe
0x00007ff80bd40000 - 0x00007ff80bfa6000 	C:\WINDOWS\SYSTEM32\ntdll.dll
0x00007ff80a0e0000 - 0x00007ff80a1a9000 	C:\WINDOWS\System32\KERNEL32.DLL
0x00007ff809140000 - 0x00007ff80953a000 	C:\WINDOWS\System32\KERNELBASE.dll
0x00007ff805fb0000 - 0x00007ff806050000 	C:\WINDOWS\SYSTEM32\apphelp.dll
0x00007ff8095f0000 - 0x00007ff80973c000 	C:\WINDOWS\System32\ucrtbase.dll
0x00007ff805e80000 - 0x00007ff805e9e000 	C:\Program Files\JetBrains\PyCharm 2026.1.4\jbr\bin\VCRUNTIME140.dll
0x00007fffe1c20000 - 0x00007fffe1c37000 	C:\Program Files\JetBrains\PyCharm 2026.1.4\jbr\bin\jli.dll
0x00007ff80a1b0000 - 0x00007ff80a377000 	C:\WINDOWS\System32\USER32.dll
0x00007fffec640000 - 0x00007fffec8d2000 	C:\WINDOWS\WinSxS\amd64_microsoft.windows.common-controls_6595b64144ccf1df_6.0.26100.8521_none_3e08b75ce33403b3\COMCTL32.dll
0x00007ff808fd0000 - 0x00007ff808ff7000 	C:\WINDOWS\System32\win32u.dll
0x00007ff80b200000 - 0x00007ff80b2a9000 	C:\WINDOWS\System32\msvcrt.dll
0x00007ff80adb0000 - 0x00007ff80addb000 	C:\WINDOWS\System32\GDI32.dll
0x00007ff809800000 - 0x00007ff80992b000 	C:\WINDOWS\System32\gdi32full.dll
0x00007ff809540000 - 0x00007ff8095e3000 	C:\WINDOWS\System32\msvcp_win.dll
0x00007ff809e20000 - 0x00007ff809e52000 	C:\WINDOWS\System32\IMM32.DLL
0x00007fffe54b0000 - 0x00007fffe55a2000 	C:\Program Files\Windhawk\Engine\1.7.3\64\windhawk.dll
0x00007ff809e60000 - 0x00007ff809f16000 	C:\WINDOWS\System32\ADVAPI32.dll
0x00007ff809ce0000 - 0x00007ff809d8a000 	C:\WINDOWS\System32\sechost.dll
0x00007ff80ac80000 - 0x00007ff80ad98000 	C:\WINDOWS\System32\RPCRT4.dll
0x00007ff803b50000 - 0x00007ff803b5c000 	C:\Program Files\JetBrains\PyCharm 2026.1.4\jbr\bin\vcruntime140_1.dll
0x00007fffe1630000 - 0x00007fffe16b9000 	C:\Program Files\JetBrains\PyCharm 2026.1.4\jbr\bin\msvcp140.dll
0x00007fff5d5c0000 - 0x00007fff5e515000 	C:\Program Files\JetBrains\PyCharm 2026.1.4\jbr\bin\server\jvm.dll
0x00007ff80bc70000 - 0x00007ff80bcf0000 	C:\WINDOWS\System32\WS2_32.dll
0x00007ff808a00000 - 0x00007ff808a5e000 	C:\WINDOWS\SYSTEM32\POWRPROF.dll
0x00007ffff9fe0000 - 0x00007ffffa016000 	C:\WINDOWS\SYSTEM32\WINMM.dll
0x00007ff8026a0000 - 0x00007ff8026ab000 	C:\WINDOWS\SYSTEM32\VERSION.dll
0x00007ff8089a0000 - 0x00007ff8089b4000 	C:\WINDOWS\SYSTEM32\UMPDC.dll
0x00007ff807d20000 - 0x00007ff807d3b000 	C:\WINDOWS\SYSTEM32\kernel.appcore.dll
0x00007ff800da0000 - 0x00007ff800daa000 	C:\Program Files\JetBrains\PyCharm 2026.1.4\jbr\bin\jimage.dll
0x00007ffff19d0000 - 0x00007ffff1c12000 	C:\WINDOWS\SYSTEM32\DBGHELP.DLL
0x00007ff80b740000 - 0x00007ff80bac3000 	C:\WINDOWS\System32\combase.dll
0x00007ff80a3b0000 - 0x00007ff80a489000 	C:\WINDOWS\System32\OLEAUT32.dll
0x00007fffebe20000 - 0x00007fffebe5b000 	C:\WINDOWS\SYSTEM32\dbgcore.DLL
0x00007ff809000000 - 0x00007ff8090a8000 	C:\WINDOWS\System32\bcryptPrimitives.dll
0x00007ffff1830000 - 0x00007ffff184f000 	C:\Program Files\JetBrains\PyCharm 2026.1.4\jbr\bin\java.dll
0x00007ff80bad0000 - 0x00007ff80bc68000 	C:\WINDOWS\System32\ole32.dll
0x00007ff80a4f0000 - 0x00007ff80ac74000 	C:\WINDOWS\System32\SHELL32.dll

JVMTI agents: none

dbghelp: loaded successfully - version: 4.0.5 - missing functions: none
symbol engine: initialized successfully - sym options: 0x614 - pdb path: .;C:\Program Files\JetBrains\PyCharm 2026.1.4\jbr\bin;C:\WINDOWS\SYSTEM32;C:\WINDOWS\WinSxS\amd64_microsoft.windows.common-controls_6595b64144ccf1df_6.0.26100.8521_none_3e08b75ce33403b3;C:\Program Files\Windhawk\Engine\1.7.3\64;C:\Program Files\JetBrains\PyCharm 2026.1.4\jbr\bin\server

VM Arguments:
java_command: git4idea.http.GitAskPassApp Username for 'https://github.com': 
java_class_path (initial): C:/Program Files/JetBrains/PyCharm 2026.1.4/plugins/vcs-git/lib/git4idea-rt.jar;C:/Program Files/JetBrains/PyCharm 2026.1.4/lib/externalProcess-rt.jar
Launcher Type: SUN_STANDARD

[Global flags]
     intx CICompilerCount                          = 12                                        {product} {ergonomic}
     uint ConcGCThreads                            = 3                                         {product} {ergonomic}
     uint G1ConcRefinementThreads                  = 13                                        {product} {ergonomic}
   size_t G1HeapRegionSize                         = 4194304                                   {product} {ergonomic}
   size_t InitialHeapSize                          = 536870912                                 {product} {ergonomic}
   size_t MarkStackSize                            = 4194304                                   {product} {ergonomic}
   size_t MarkStackSizeMax                         = 536870912                                 {product} {ergonomic}
   size_t MaxHeapSize                              = 8547991552                                {product} {ergonomic}
   size_t MinHeapDeltaBytes                        = 4194304                                   {product} {ergonomic}
   size_t MinHeapSize                              = 8388608                                   {product} {ergonomic}
    uintx NonNMethodCodeHeapSize                   = 7667712                                {pd product} {ergonomic}
    uintx NonProfiledCodeHeapSize                  = 122028032                              {pd product} {ergonomic}
    uintx ProfiledCodeHeapSize                     = 122028032                              {pd product} {ergonomic}
    uintx ReservedCodeCacheSize                    = 251723776                              {pd product} {ergonomic}
     bool SegmentedCodeCache                       = true                                      {product} {ergonomic}
   size_t SoftMaxHeapSize                          = 8547991552                             {manageable} {ergonomic}
     bool UseCompressedOops                        = true                           {product lp64_product} {ergonomic}
     bool UseG1GC                                  = true                                      {product} {ergonomic}
     bool UseLargePagesIndividualAllocation        = false                                  {pd product} {ergonomic}

Logging:
Log output configuration:
 #0: stdout all=warning uptime,level,tags foldmultilines=false
 #1: stderr all=off uptime,level,tags foldmultilines=false

Release file:
<release file has not been read>
Environment Variables:
PATH=C:\Program Files\Git\mingw64\libexec\git-core;C:\Program Files\Git\mingw64\libexec\git-core;C:\Program Files\Git\mingw64\bin;C:\Program Files\Git\usr\bin;C:\Users\user\bin;C:\WINDOWS\system32;C:\WINDOWS;C:\WINDOWS\System32\Wbem;C:\WINDOWS\System32\WindowsPowerShell\v1.0;C:\WINDOWS\System32\OpenSSH;C:\Program Files\dotnet;C:\Program Files\NVIDIA Corporation\NVIDIA App\NvDLISR;C:\Program Files (x86)\NVIDIA Corporation\PhysX\Common;C:\Program Files\AmneziaWG;C:\Program Files\Git\cmd;C:\ProgramData\chocolatey\bin;C:\Program Files\nodejs;C:\Program Files\WireGuard;C:\Program Files (x86)\Windows Kits\10\Windows Performance Toolkit;C:\Program Files\YASB;C:\Users\user\AppData\Local\Muse Hub\lib;C:\Program Files\Neovim\bin;C:\Program Files\Neovide;C:\Users\user\AppData\Local\Programs\Python\Launcher;C:\Users\user\AppData\Local\Microsoft\WindowsApps;C:\Users\user\AppData\Local\atom\bin;C:\Users\user\AppData\Local\Programs\Microsoft VS Code\bin;C:\Users\user\AppData\Local\Microsoft\WindowsApps;C:\msys64\ucrt64\bin;C:\Users\user\AppData\Roaming\npm;C:\Users\user\.dotnet\tools;C:\Users\user\AppData\Local\JetBrains\Toolbox\scripts;C:\Users\user\AppData\Local\Programs\Python\Python313\Scripts;C:\Users\user\AppData\Local\GitHubDesktop\bin;C:\Users\user\AppData\Local\PowerToys\DSCModules;C:\Users\user\AppData\Local\Muse Hub\lib;C:\Users\user\AppData\Local\spicetify;C:\Users\user\AppData\Local\Microsoft\WinGet\Links
USERNAME=user
DISPLAY=:0.0
LC_ALL=en_US.UTF-8
TERM=xterm-256color
TMPDIR=C:\Users\user\AppData\Local\Temp
OS=Windows_NT
PROCESSOR_IDENTIFIER=Intel64 Family 6 Model 191 Stepping 2, GenuineIntel
TMP=C:\Users\user\AppData\Local\Temp
TEMP=C:\Users\user\AppData\Local\Temp




Compilation memory statistics disabled.

Periodic native trim disabled

JNI global refs:
JNI global refs: 0, weak refs: 0

JNI global refs memory usage: 0, weak refs: 0

Process memory usage:
Resident Set Size: 16512K (0% of 33387020K total physical memory with 10489256K free physical memory)

OOME stack traces (most recent first):
Classloader memory used:

---------------  S Y S T E M  ---------------

OS:
 Windows 11 , 64 bit Build 26100 (10.0.26100.8521)
OS uptime: 1 days 9:39 hours
Hyper-V role detected

CPU: total 16 (initial active 16) (8 cores per cpu, 2 threads per core) family 6 model 191 stepping 2 microcode 0x2e, cx8, cmov, fxsr, ht, mmx, 3dnowpref, sse, sse2, sse3, ssse3, sse4.1, sse4.2, popcnt, lzcnt, tsc, tscinvbit, avx, avx2, aes, erms, clmul, bmi1, bmi2, adx, sha, fma, vzeroupper, clflush, clflushopt, clwb, hv, serialize, rdtscp, rdpid, fsrm, gfni, f16c, cet_ibt, cet_ss
Processor Information for the first 16 processors :
  Max Mhz: 2500, Current Mhz: 2500, Mhz Limit: 2500

Memory: 4k page, system-wide physical 32604M (10243M free)
TotalPageFile size 32604M (AvailPageFile size 286M)
current process WorkingSet (physical memory assigned to process): 16M, peak: 16M
current process commit charge ("private bytes"): 72M, peak: 583M

vm_info: OpenJDK 64-Bit Server VM (25.0.3+1-b329.124) for windows-amd64 JRE (25.0.3+1-b329.124), built on 2026-04-30 with MS VC++ 17.14 (VS2022)

END.
